##fileformat=VCFv4.2
##ALT=<ID=NON_REF,Description="Represents any possible alternative allele at this location">
##FILTER=<ID=LowQual,Description="Low quality">
##FORMAT=<ID=AD,Number=R,Type=Integer,Description="Allelic depths for the ref and alt alleles in the order listed">
##FORMAT=<ID=DP,Number=1,Type=Integer,Description="Approximate read depth (reads with MQ=255 or with bad mates are filtered)">
##FORMAT=<ID=GQ,Number=1,Type=Integer,Description="Genotype Quality">
##FORMAT=<ID=GT,Number=1,Type=String,Description="Genotype">
##FORMAT=<ID=MIN_DP,Number=1,Type=Integer,Description="Minimum DP observed within the GVCF block">
##FORMAT=<ID=PGT,Number=1,Type=String,Description="Physical phasing haplotype information, describing how the alternate alleles are phased in relation to one another">
##FORMAT=<ID=PID,Number=1,Type=String,Description="Physical phasing ID information, where each unique ID within a given sample (but not across samples) connects records within a phasing group">
##FORMAT=<ID=PL,Number=G,Type=Integer,Description="Normalized, Phred-scaled likelihoods for genotypes as defined in the VCF specification">
##FORMAT=<ID=PS,Number=1,Type=Integer,Description="Phasing set (typically the position of the first variant in the set)">
##FORMAT=<ID=RGQ,Number=1,Type=Integer,Description="Unconditional reference genotype confidence, encoded as a phred quality -10*log10 p(genotype call is wrong)">
##FORMAT=<ID=SB,Number=4,Type=Integer,Description="Per-sample component statistics which comprise the Fisher's Exact Test to detect strand bias.">
##GATKCommandLine=<ID=CombineGVCFs,CommandLine="CombineGVCFs  --output /home/mk446/bio/pipeline/JC50/GENO/1_9874305.comb.gvcf.gz --variant /home/mk446/bio/pipeline/JC50/GVCF/1_9874305_HG002.gvcf.gz --variant /home/mk446/bio/pipeline/JC50/GVCF/1_9874305_HG003.gvcf.gz --variant /home/mk446/bio/pipeline/JC50/GVCF/1_9874305_HG004.gvcf.gz --variant /home/mk446/bio/pipeline/JC50/GVCF/1_9874305_PSC-01-003.gvcf.gz --variant /home/mk446/bio/pipeline/JC50/GVCF/1_9874305_PSC-01-011.gvcf.gz --variant /home/mk446/bio/pipeline/JC50/GVCF/1_9874305_PSC-01-017.gvcf.gz --variant /home/mk446/bio/pipeline/JC50/GVCF/1_9874305_PSC-01-019.gvcf.gz --variant /home/mk446/bio/pipeline/JC50/GVCF/1_9874305_PSC-01-024.gvcf.gz --variant /home/mk446/bio/pipeline/JC50/GVCF/1_9874305_PSC-01-026.gvcf.gz --variant /home/mk446/bio/pipeline/JC50/GVCF/1_9874305_PSC-01-028.gvcf.gz --variant /home/mk446/bio/pipeline/JC50/GVCF/1_9874305_PSC-01-033.gvcf.gz --variant /home/mk446/bio/pipeline/JC50/GVCF/1_9874305_PSC-01-035.gvcf.gz --variant /home/mk446/bio/pipeline/JC50/GVCF/1_9874305_PSC-01-036.gvcf.gz --variant /home/mk446/bio/pipeline/JC50/GVCF/1_9874305_PSC-01-052.gvcf.gz --variant /home/mk446/bio/pipeline/JC50/GVCF/1_9874305_PSC-01-066.gvcf.gz --variant /home/mk446/bio/pipeline/JC50/GVCF/1_9874305_PSC-01-070.gvcf.gz --variant /home/mk446/bio/pipeline/JC50/GVCF/1_9874305_PSC-01-088.gvcf.gz --variant /home/mk446/bio/pipeline/JC50/GVCF/1_9874305_PSC-01-092.gvcf.gz --variant /home/mk446/bio/pipeline/JC50/GVCF/1_9874305_PSC-01-094.gvcf.gz --variant /home/mk446/bio/pipeline/JC50/GVCF/1_9874305_PSC-01-106.gvcf.gz --variant /home/mk446/bio/pipeline/JC50/GVCF/1_9874305_PSC-01-116.gvcf.gz --variant /home/mk446/bio/pipeline/JC50/GVCF/1_9874305_PSC-01-119.gvcf.gz --variant /home/mk446/bio/pipeline/JC50/GVCF/1_9874305_PSC-01-120.gvcf.gz --variant /home/mk446/bio/pipeline/JC50/GVCF/1_9874305_PSC-01-125.gvcf.gz --variant /home/mk446/bio/pipeline/JC50/GVCF/1_9874305_PSC-01-132.gvcf.gz --variant /home/mk446/bio/pipeline/JC50/GVCF/1_9874305_PSC-01-133.gvcf.gz --variant /home/mk446/bio/pipeline/JC50/GVCF/1_9874305_PSC-01-134.gvcf.gz --variant /home/mk446/bio/pipeline/JC50/GVCF/1_9874305_PSC-01-137.gvcf.gz --variant /home/mk446/bio/pipeline/JC50/GVCF/1_9874305_PSC-01-141.gvcf.gz --variant /home/mk446/bio/pipeline/JC50/GVCF/1_9874305_PSC-01-147.gvcf.gz --variant /home/mk446/bio/pipeline/JC50/GVCF/1_9874305_PSC-01-164.gvcf.gz --variant /home/mk446/bio/pipeline/JC50/GVCF/1_9874305_PSC-01-165.gvcf.gz --variant /home/mk446/bio/pipeline/JC50/GVCF/1_9874305_PSC-01-170.gvcf.gz --variant /home/mk446/bio/pipeline/JC50/GVCF/1_9874305_PSC-01-171.gvcf.gz --variant /home/mk446/bio/pipeline/JC50/GVCF/1_9874305_PSC-01-172.gvcf.gz --variant /home/mk446/bio/pipeline/JC50/GVCF/1_9874305_PSC-01-173.gvcf.gz --variant /home/mk446/bio/pipeline/JC50/GVCF/1_9874305_PSC-01-177.gvcf.gz --variant /home/mk446/bio/pipeline/JC50/GVCF/1_9874305_PSC-01-181.gvcf.gz --variant /home/mk446/bio/pipeline/JC50/GVCF/1_9874305_PSC-01-190.gvcf.gz --variant /home/mk446/bio/pipeline/JC50/GVCF/1_9874305_PSC-01-191.gvcf.gz --variant /home/mk446/bio/pipeline/JC50/GVCF/1_9874305_PSC-01-193.gvcf.gz --variant /home/mk446/bio/pipeline/JC50/GVCF/1_9874305_PSC-01-195.gvcf.gz --variant /home/mk446/bio/pipeline/JC50/GVCF/1_9874305_PSC-01-196.gvcf.gz --variant /home/mk446/bio/pipeline/JC50/GVCF/1_9874305_PSC-01-197.gvcf.gz --variant /home/mk446/bio/pipeline/JC50/GVCF/1_9874305_PSC-01-204.gvcf.gz --variant /home/mk446/bio/pipeline/JC50/GVCF/1_9874305_PSC-01-207.gvcf.gz --variant /home/mk446/bio/pipeline/JC50/GVCF/1_9874305_PSC-01-208.gvcf.gz --variant /home/mk446/bio/pipeline/JC50/GVCF/1_9874305_PSC-01-211.gvcf.gz --variant /home/mk446/bio/pipeline/JC50/GVCF/1_9874305_PSC-01-213.gvcf.gz --variant /home/mk446/bio/pipeline/JC50/GVCF/1_9874305_PSC-01-223.gvcf.gz --reference /home/mk446/BiO/Install/GATK-bundle/2.8/b37/human_g1k_v37_decoy.fasta  --convert-to-base-pair-resolution false --break-bands-at-multiples-of 0 --input-is-somatic false --drop-somatic-filtering-annotations false --ignore-variants-starting-outside-interval false --interval-set-rule UNION --interval-padding 0 --interval-exclusion-padding 0 --interval-merging-rule ALL --read-validation-stringency SILENT --seconds-between-progress-updates 10.0 --disable-sequence-dictionary-validation false --create-output-bam-index true --create-output-bam-md5 false --create-output-variant-index true --create-output-variant-md5 false --lenient false --add-output-sam-program-record true --add-output-vcf-command-line true --cloud-prefetch-buffer 40 --cloud-index-prefetch-buffer -1 --disable-bam-index-caching false --sites-only-vcf-output false --help false --version false --showHidden false --verbosity INFO --QUIET false --use-jdk-deflater false --use-jdk-inflater false --gcs-max-retries 20 --gcs-project-for-requester-pays  --disable-tool-default-read-filters false --disable-tool-default-annotations false --enable-all-annotations false",Version="4.1.2.0",Date="November 18, 2019 11:26:58 AM EST">
##GATKCommandLine=<ID=GenotypeGVCFs,CommandLine="GenotypeGVCFs  --output /home/mk446/bio/pipeline/JC50/GENO/1_9874305.geno.vcf.gz --standard-min-confidence-threshold-for-calling 30.0 --dbsnp /home/mk446/BiO/Install/GATK-bundle/dbsnp_147_b37_common_all_20160601.vcf --variant /home/mk446/bio/pipeline/JC50/GENO/1_9874305.comb.gvcf.gz --reference /home/mk446/BiO/Install/GATK-bundle/2.8/b37/human_g1k_v37_decoy.fasta --verbosity INFO  --include-non-variant-sites false --merge-input-intervals false --input-is-somatic false --tumor-lod-to-emit 3.5 --allele-fraction-error 0.001 --keep-combined-raw-annotations false --use-new-qual-calculator true --use-old-qual-calculator false --annotate-with-num-discovered-alleles false --heterozygosity 0.001 --indel-heterozygosity 1.25E-4 --heterozygosity-stdev 0.01 --max-alternate-alleles 6 --max-genotype-count 1024 --sample-ploidy 2 --num-reference-samples-if-no-call 0 --only-output-calls-starting-in-intervals false --interval-set-rule UNION --interval-padding 0 --interval-exclusion-padding 0 --interval-merging-rule ALL --read-validation-stringency SILENT --seconds-between-progress-updates 10.0 --disable-sequence-dictionary-validation false --create-output-bam-index true --create-output-bam-md5 false --create-output-variant-index true --create-output-variant-md5 false --lenient false --add-output-sam-program-record true --add-output-vcf-command-line true --cloud-prefetch-buffer 40 --cloud-index-prefetch-buffer -1 --disable-bam-index-caching false --sites-only-vcf-output false --help false --version false --showHidden false --QUIET false --use-jdk-deflater false --use-jdk-inflater false --gcs-max-retries 20 --gcs-project-for-requester-pays  --disable-tool-default-read-filters false --disable-tool-default-annotations false --enable-all-annotations false",Version="4.1.2.0",Date="November 18, 2019 11:27:09 AM EST">
##GATKCommandLine=<ID=HaplotypeCaller,CommandLine="HaplotypeCaller  --dbsnp /home/mk446/BiO/Install/GATK-bundle/dbsnp_147_b37_common_all_20160601.vcf --emit-ref-confidence GVCF --output /home/mk446/bio/pipeline/JC50/GVCF/1_9874305_HG002.gvcf.gz --intervals 1:9874205-9874405 --input /home/mk446/BiO/Data/AshkenazimTrio/b37/HG002.hs37d5.60x/BAM/HG002.hs37d5.60x.1.addrg.bam --reference /home/mk446/BiO/Install/GATK-bundle/2.8/b37/human_g1k_v37_decoy.fasta --verbosity INFO  --use-new-qual-calculator true --use-old-qual-calculator false --annotate-with-num-discovered-alleles false --heterozygosity 0.001 --indel-heterozygosity 1.25E-4 --heterozygosity-stdev 0.01 --standard-min-confidence-threshold-for-calling 30.0 --max-alternate-alleles 6 --max-genotype-count 1024 --sample-ploidy 2 --num-reference-samples-if-no-call 0 --genotyping-mode DISCOVERY --genotype-filtered-alleles false --contamination-fraction-to-filter 0.0 --output-mode EMIT_VARIANTS_ONLY --all-site-pls false --gvcf-gq-bands 1 --gvcf-gq-bands 2 --gvcf-gq-bands 3 --gvcf-gq-bands 4 --gvcf-gq-bands 5 --gvcf-gq-bands 6 --gvcf-gq-bands 7 --gvcf-gq-bands 8 --gvcf-gq-bands 9 --gvcf-gq-bands 10 --gvcf-gq-bands 11 --gvcf-gq-bands 12 --gvcf-gq-bands 13 --gvcf-gq-bands 14 --gvcf-gq-bands 15 --gvcf-gq-bands 16 --gvcf-gq-bands 17 --gvcf-gq-bands 18 --gvcf-gq-bands 19 --gvcf-gq-bands 20 --gvcf-gq-bands 21 --gvcf-gq-bands 22 --gvcf-gq-bands 23 --gvcf-gq-bands 24 --gvcf-gq-bands 25 --gvcf-gq-bands 26 --gvcf-gq-bands 27 --gvcf-gq-bands 28 --gvcf-gq-bands 29 --gvcf-gq-bands 30 --gvcf-gq-bands 31 --gvcf-gq-bands 32 --gvcf-gq-bands 33 --gvcf-gq-bands 34 --gvcf-gq-bands 35 --gvcf-gq-bands 36 --gvcf-gq-bands 37 --gvcf-gq-bands 38 --gvcf-gq-bands 39 --gvcf-gq-bands 40 --gvcf-gq-bands 41 --gvcf-gq-bands 42 --gvcf-gq-bands 43 --gvcf-gq-bands 44 --gvcf-gq-bands 45 --gvcf-gq-bands 46 --gvcf-gq-bands 47 --gvcf-gq-bands 48 --gvcf-gq-bands 49 --gvcf-gq-bands 50 --gvcf-gq-bands 51 --gvcf-gq-bands 52 --gvcf-gq-bands 53 --gvcf-gq-bands 54 --gvcf-gq-bands 55 --gvcf-gq-bands 56 --gvcf-gq-bands 57 --gvcf-gq-bands 58 --gvcf-gq-bands 59 --gvcf-gq-bands 60 --gvcf-gq-bands 70 --gvcf-gq-bands 80 --gvcf-gq-bands 90 --gvcf-gq-bands 99 --indel-size-to-eliminate-in-ref-model 10 --use-alleles-trigger false --disable-optimizations false --just-determine-active-regions false --dont-genotype false --do-not-run-physical-phasing false --use-filtered-reads-for-annotations false --correct-overlapping-quality false --adaptive-pruning false --do-not-recover-dangling-branches false --recover-dangling-heads false --consensus false --dont-trim-active-regions false --max-disc-ar-extension 25 --max-gga-ar-extension 300 --padding-around-indels 150 --padding-around-snps 20 --kmer-size 10 --kmer-size 25 --dont-increase-kmer-sizes-for-cycles false --allow-non-unique-kmers-in-ref false --num-pruning-samples 1 --min-dangling-branch-length 4 --recover-all-dangling-branches false --max-num-haplotypes-in-population 128 --min-pruning 2 --adaptive-pruning-initial-error-rate 0.001 --pruning-lod-threshold 2.302585092994046 --max-unpruned-variants 100 --debug-assembly false --debug-graph-transformations false --capture-assembly-failure-bam false --error-correct-reads false --kmer-length-for-read-error-correction 25 --min-observations-for-kmer-to-be-solid 20 --likelihood-calculation-engine PairHMM --base-quality-score-threshold 18 --pair-hmm-gap-continuation-penalty 10 --pair-hmm-implementation FASTEST_AVAILABLE --pcr-indel-model CONSERVATIVE --phred-scaled-global-read-mismapping-rate 45 --native-pair-hmm-threads 4 --native-pair-hmm-use-double-precision false --bam-writer-type CALLED_HAPLOTYPES --dont-use-soft-clipped-bases false --min-base-quality-score 10 --smith-waterman JAVA --max-mnp-distance 0 --min-assembly-region-size 50 --max-assembly-region-size 300 --assembly-region-padding 100 --max-reads-per-alignment-start 50 --active-probability-threshold 0.002 --max-prob-propagation-distance 50 --force-active false --interval-set-rule UNION --interval-padding 0 --interval-exclusion-padding 0 --interval-merging-rule ALL --read-validation-stringency SILENT --seconds-between-progress-updates 10.0 --disable-sequence-dictionary-validation false --create-output-bam-index true --create-output-bam-md5 false --create-output-variant-index true --create-output-variant-md5 false --lenient false --add-output-sam-program-record true --add-output-vcf-command-line true --cloud-prefetch-buffer 40 --cloud-index-prefetch-buffer -1 --disable-bam-index-caching false --sites-only-vcf-output false --help false --version false --showHidden false --QUIET false --use-jdk-deflater false --use-jdk-inflater false --gcs-max-retries 20 --gcs-project-for-requester-pays  --disable-tool-default-read-filters false --minimum-mapping-quality 20 --disable-tool-default-annotations false --enable-all-annotations false",Version="4.1.2.0",Date="November 18, 2019 11:18:23 AM EST">
##INFO=<ID=AC,Number=A,Type=Integer,Description="Allele count in genotypes, for each ALT allele, in the same order as listed">
##INFO=<ID=AF,Number=A,Type=Float,Description="Allele Frequency, for each ALT allele, in the same order as listed">
##INFO=<ID=AN,Number=1,Type=Integer,Description="Total number of alleles in called genotypes">
##INFO=<ID=BaseQRankSum,Number=1,Type=Float,Description="Z-score from Wilcoxon rank sum test of Alt Vs. Ref base qualities">
##INFO=<ID=DB,Number=0,Type=Flag,Description="dbSNP Membership">
##INFO=<ID=DP,Number=1,Type=Integer,Description="Approximate read depth; some reads may have been filtered">
##INFO=<ID=DS,Number=0,Type=Flag,Description="Were any of the samples downsampled?">
##INFO=<ID=END,Number=1,Type=Integer,Description="Stop position of the interval">
##INFO=<ID=ExcessHet,Number=1,Type=Float,Description="Phred-scaled p-value for exact test of excess heterozygosity">
##INFO=<ID=FS,Number=1,Type=Float,Description="Phred-scaled p-value using Fisher's exact test to detect strand bias">
##INFO=<ID=InbreedingCoeff,Number=1,Type=Float,Description="Inbreeding coefficient as estimated from the genotype likelihoods per-sample when compared against the Hardy-Weinberg expectation">
##INFO=<ID=MLEAC,Number=A,Type=Integer,Description="Maximum likelihood expectation (MLE) for the allele counts (not necessarily the same as the AC), for each ALT allele, in the same order as listed">
##INFO=<ID=MLEAF,Number=A,Type=Float,Description="Maximum likelihood expectation (MLE) for the allele frequency (not necessarily the same as the AF), for each ALT allele, in the same order as listed">
##INFO=<ID=MQ,Number=1,Type=Float,Description="RMS Mapping Quality">
##INFO=<ID=MQRankSum,Number=1,Type=Float,Description="Z-score From Wilcoxon rank sum test of Alt vs. Ref read mapping qualities">
##INFO=<ID=QD,Number=1,Type=Float,Description="Variant Confidence/Quality by Depth">
##INFO=<ID=RAW_MQandDP,Number=2,Type=Integer,Description="Raw data (sum of squared MQ and total depth) for improved RMS Mapping Quality calculation. Incompatible with deprecated RAW_MQ formulation.">
##INFO=<ID=ReadPosRankSum,Number=1,Type=Float,Description="Z-score from Wilcoxon rank sum test of Alt vs. Ref read position bias">
##INFO=<ID=SOR,Number=1,Type=Float,Description="Symmetric Odds Ratio of 2x2 contingency table to detect strand bias">
##source=CombineGVCFs
##source=GenotypeGVCFs
##source=HaplotypeCaller
##MUTANNO=<ID=MUTANNO,Version="0.2",Date="10/29/2019",DataVersion="0.2",DataDate="10/29/2019">
##MUTANNO=<ID=novoAF,Version="2.1.1",Date="03/06/2019">
##INFO=<ID=novoAF,Number=.,Type=String,Description="population AF by gnomAD. Format:'AF' ">
#CHROM	POS	ID	REF	ALT	QUAL	FILTER	INFO	FORMAT	HG002	HG003	HG004	PSC-01-003	PSC-01-011	PSC-01-017
1	14699	.	C	G	5732.43	VQSRTrancheSNP99.90to100.00	AC=35;AF=0.350;AN=100;BaseQRankSum=3.04;DP=2321;ExcessHet=46.3686;FS=43.430;InbreedingCoeff=-0.5579;MLEAC=36;MLEAF=0.360;MQ=36.30;MQRankSum=-1.515e+00;QD=3.75;ReadPosRankSum=0.097;SOR=3.624;novoAF=3.41347e-01	GT:AD:DP:GQ:PL	0/1:26,12:38:99:259,0,809	0/0:43,4:47:21:0,21,1381	0/0:26,2:28:43:0,43,902	0/1:97,11:108:16:16,0,2531	0/1:28,4:32:18:18,0,729	0/1:28,15:43:99:338,0,716
1	66434150	.	T	C	1279.64	PASS	AC=1;AF=0.010;AN=100;BaseQRankSum=2.51;DP=1812;ExcessHet=3.0103;FS=3.005;InbreedingCoeff=-0.0101;MLEAC=1;MLEAF=0.010;MQ=70.00;MQRankSum=0.00;QD=16.20;ReadPosRankSum=-7.950e-01;SOR=1.009;novoAF=0.0	GT:AD:DP:GQ:PL	0/1:41,38:79:99:1297,0,1309	0/0:63,0:63:99:0,120,1800	0/0:78,0:78:99:0,120,1800	0/0:41,0:41:99:0,106,1456	0/0:34,0:34:90:0,90,1114	0/0:29,0:29:76:0,76,897
1	168455916	.	C	T	927.64	PASS	AC=1;AF=0.010;AN=100;BaseQRankSum=0.219;DP=1871;ExcessHet=3.0103;FS=0.000;InbreedingCoeff=-0.0101;MLEAC=1;MLEAF=0.010;MQ=70.00;MQRankSum=0.00;QD=12.71;ReadPosRankSum=0.738;SOR=0.788;novoAF=0.0	GT:AD:DP:GQ:PL	0/1:45,28:73:99:945,0,1606	0/0:63,0:63:99:0,120,1800	0/0:66,0:66:99:0,120,1800	0/0:35,0:35:99:0,99,1485	0/0:34,0:34:99:0,99,1485	0/0:42,0:42:99:0,108,1294
2	27100779	.	T	C	1582.64	PASS	AC=1;AF=0.010;AN=100;BaseQRankSum=-6.330e-01;DP=1871;ExcessHet=3.0103;FS=17.093;InbreedingCoeff=-0.0101;MLEAC=1;MLEAF=0.010;MQ=70.00;MQRankSum=0.00;QD=17.58;ReadPosRankSum=1.56;SOR=1.383;novoAF=3.18451e-05	GT:AD:DP:GQ:PL	0/1:43,47:90:99:1600,0,1448	0/0:50,0:50:99:0,120,1800	0/0:67,0:67:99:0,120,1800	0/0:36,0:36:99:0,99,1238	0/0:38,0:38:99:0,111,1665	0/0:37,0:37:99:0,99,1235
1	26860231	.	A	T	1082.64	PASS	AC=1;AF=0.010;AN=100;BaseQRankSum=1.09;DP=1588;ExcessHet=3.0103;FS=0.985;InbreedingCoeff=-0.0101;MLEAC=1;MLEAF=0.010;MQ=70.00;MQRankSum=0.00;QD=18.35;ReadPosRankSum=-1.378e+00;SOR=0.853;novoAF=0.324	GT:AD:DP:GQ:PL	0/1:27,32:59:99:1100,0,844	0/0:49,0:49:99:0,120,1800	0/0:49,0:49:99:0,120,1800	0/0:34,0:34:90:0,90,1350	0/0:33,0:33:99:0,99,1080	0/0:37,0:37:99:0,105,1575
1	23535069	.	G	GA	606.70	VQSRTrancheINDEL99.00to99.90	AC=1;AF=0.010;AN=100;BaseQRankSum=-1.318e+00;DP=1775;ExcessHet=3.8753;FS=14.866;InbreedingCoeff=-0.0466;MLEAC=1;MLEAF=0.010;MQ=68.30;MQRankSum=0.00;QD=9.95;ReadPosRankSum=1.29;SOR=0.723;novoAF=3.46380e-04	GT:AD:DP:GQ:PL	0/1:33,28:61:99:608,0,735	0/0:42,0:42:99:0,104,1458	0/0:66,0:66:99:0,120,1800	0/0:49,0:49:39:0,39,1214	0/0:36,0:36:87:0,87,1082	0/0:36,0:36:99:0,99,1091
1	15752321	.	TCTGA	T	857.64	VQSRTrancheINDEL99.00to99.90	AC=1;AF=0.010;AN=100;BaseQRankSum=-2.065e+00;DP=1550;ExcessHet=3.0103;FS=13.462;InbreedingCoeff=-0.0101;MLEAC=1;MLEAF=0.010;MQ=70.00;MQRankSum=0.00;QD=17.87;ReadPosRankSum=1.64;SOR=1.981;novoAF=9.56206e-05	GT:AD:DP:GQ:PL	0/1:25,23:48:99:875,0,1423	0/0:36,0:36:99:0,99,1384	0/0:50,0:50:99:0,120,1800	0/0:34,0:34:99:0,99,1141	0/0:29,0:29:75:0,75,1125	0/0:29,0:29:76:0,76,896
1	6268385	.	A	AT	493.68	PASS	AC=1;AF=0.010;AN=100;BaseQRankSum=-3.840e-01;DP=1501;ExcessHet=3.0103;FS=2.415;InbreedingCoeff=-0.0102;MLEAC=1;MLEAF=0.010;MQ=70.00;MQRankSum=0.00;QD=10.29;ReadPosRankSum=-7.640e-01;SOR=0.416;novoAF=3.02251e-03	GT:AD:DP:GQ:PL	0/1:23,25:48:99:511,0,460	0/0:36,0:36:99:0,102,1530	0/0:44,0:44:99:0,105,1686	0/0:27,0:27:75:0,75,1125	0/0:28,0:28:73:0,73,868	0/0:29,0:29:72:0,72,1080
1	16942782	.	G	GTATA,GTATATATA,GTATATATATATA,GTATATATATA,GTATATA,GTGTATATATATATATATA	7607.93	PASS	AC=3,6,8,9,4,1;AF=0.030,0.060,0.080,0.090,0.040,0.010;AN=100;BaseQRankSum=-1.003e+00;DP=4977;ExcessHet=34.0376;FS=0.648;InbreedingCoeff=-0.4215;MLEAC=3,6,8,9,3,1;MLEAF=0.030,0.060,0.080,0.090,0.030,0.010;MQ=61.24;MQRankSum=0.00;QD=3.18;ReadPosRankSum=0.539;SOR=0.777;novoAF=0.312	GT:AD:DP:GQ:PL	0/1:120,32,0,0,0,0,18:170:99:784,0,7504,1311,7582,8924,1311,7582,8924,8924,1311,7582,8924,8924,8924,1311,7582,8924,8924,8924,8924,512,6153,7505,7505,7505,7505,7646	0/6:157,32,0,0,0,0,26:217:99:1402,452,7812,1794,7966,9586,1794,7966,9586,9586,1794,7966,9586,9586,9586,1794,7966,9586,9586,9586,9586,0,6185,7806,7806,7806,7806,7669	0/0:212,0,0,0,0,0,0:212:99:0,120,1800,120,1800,1800,120,1800,1800,1800,120,1800,1800,1800,1800,120,1800,1800,1800,1800,1800,120,1800,1800,1800,1800,1800,1800	0/2:69,0,8,0,0,0,0:116:65:65,325,3395,0,3070,3117,325,3395,3070,3395,325,3395,3070,3395,3395,325,3395,3070,3395,3395,3395,325,3395,3070,3395,3395,3395,3395	0/2:43,0,12,7,4,0,0:66:99:525,440,2702,0,2199,2155,128,2401,1895,2408,163,2389,1996,2192,2319,440,2702,2199,2401,2389,2702,440,2702,2199,2401,2389,2702,2702	0/0:39,0,0,0,0,0,0:48:99:0,126,2352,126,2352,2352,126,2352,2352,2352,126,2352,2352,2352,2352,126,2352,2352,2352,2352,2352,126,2352,2352,2352,2352,2352,2352
1	6268385	.	A	AT	493.68	PASS	AC=1;AF=0.010;AN=100;BaseQRankSum=-3.840e-01;DP=1501;ExcessHet=3.0103;FS=2.415;InbreedingCoeff=-0.0102;MLEAC=1;MLEAF=0.010;MQ=70.00;MQRankSum=0.00;QD=10.29;ReadPosRankSum=-7.640e-01;SOR=0.416;novoAF=3.02251e-03	GT:AD:DP:GQ:PL	0/1:23,25:48:99:511,0,460	0/0:36,0:36:99:0,102,1530	0/0:44,0:44:99:0,105,1686	0/0:27,0:27:75:0,75,1125	0/0:28,0:28:73:0,73,868	0/0:29,0:29:72:0,72,1080
1	15752321	.	TCTGA	T	857.64	VQSRTrancheINDEL99.00to99.90	AC=1;AF=0.010;AN=100;BaseQRankSum=-2.065e+00;DP=1550;ExcessHet=3.0103;FS=13.462;InbreedingCoeff=-0.0101;MLEAC=1;MLEAF=0.010;MQ=70.00;MQRankSum=0.00;QD=17.87;ReadPosRankSum=1.64;SOR=1.981;novoAF=9.56206e-05	GT:AD:DP:GQ:PL	0/1:25,23:48:99:875,0,1423	0/0:36,0:36:99:0,99,1384	0/0:50,0:50:99:0,120,1800	0/0:34,0:34:99:0,99,1141	0/0:29,0:29:75:0,75,1125	0/0:29,0:29:76:0,76,896
2	1432699	.	C	G	5732.43	VQSRTrancheSNP99.90to100.00	AC=35;AF=0.350;AN=100;BaseQRankSum=3.04;DP=2321;ExcessHet=46.3686;FS=43.430;InbreedingCoeff=-0.5579;MLEAC=36;MLEAF=0.360;MQ=36.30;MQRankSum=-1.515e+00;QD=3.75;ReadPosRankSum=0.097;SOR=3.624;novoAF=3.41347e-01	GT:AD:DP:GQ:PL	0/1:26,12:38:99:259,0,809	0/0:43,4:47:21:0,21,1381	0/0:26,2:28:43:0,43,902	0/1:97,11:108:16:16,0,2531	0/1:28,4:32:18:18,0,729	0/1:28,15:43:99:338,0,716
